Launching lib\main.dart on SM G950U1 in debug mode...
